This is pdfTeX, Version 3.141592653-2.6-1.40.27 (TeX Live 2025) (preloaded format=pdflatex 2025.3.8)  19 AUG 2026 19:36
entering extended mode
 restricted \write18 enabled.
 file:line:error style messages enabled.
 %&-line parsing enabled.
**/Users/snip/Documents/MALTA_VLAD_13/malta_simulation/Doc/FMT_summary_paper/FMT_sum.tex
(/Users/snip/Documents/MALTA_VLAD_13/malta_simulation/Doc/FMT_summary_paper/FMT_sum.tex
LaTeX2e <2024-11-01> patch level 2
L3 programming layer <2025-01-18>
(./svjour3.cls
Document Class: svjour3 2010/11/25 v3.3 
LaTeX document class for Springer journals
(/usr/local/texlive/2025/texmf-dist/tex/latex/base/fleqn.clo
File: fleqn.clo 2016/12/29 v1.2b Standard LaTeX option (flush left equations)
\mathindent=\skip49
Applying: [2015/01/01] Make \[ robust on input line 50.
LaTeX Info: Redefining \[ on input line 51.
Already applied: [0000/00/00] Make \[ robust on input line 62.
Applying: [2015/01/01] Make \] robust on input line 74.
LaTeX Info: Redefining \] on input line 75.
Already applied: [0000/00/00] Make \] robust on input line 83.
)

Class Springer-SVJour3 Warning: Specified option or subpackage "pdftex" not found - on input line 127.

(./svepjc3.clo
File: svepjc3.clo 2011/08/26 v1.2 style option for the EPJC journal

SVJour Class option: svepjc3.clo for EPJC journal
)
Class Springer-SVJour3 Info: extra/valid Springer sub-package (-> *.clo) 
(Springer-SVJour3)           not found in option list of \documentclass
(Springer-SVJour3)           - autoactivating "global" style.
 (./svglov3.clo
File: svglov3.clo 2009/12/18 v3.2 style option for standardised journals

SVJour Class option: svglov3.clo for standardised journals
)
LaTeX Font Info:    Redeclaring math symbol \Gamma on input line 147.
LaTeX Font Info:    Redeclaring math symbol \Delta on input line 148.
LaTeX Font Info:    Redeclaring math symbol \Theta on input line 149.
LaTeX Font Info:    Redeclaring math symbol \Lambda on input line 150.
LaTeX Font Info:    Redeclaring math symbol \Xi on input line 151.
LaTeX Font Info:    Redeclaring math symbol \Pi on input line 152.
LaTeX Font Info:    Redeclaring math symbol \Sigma on input line 153.
LaTeX Font Info:    Redeclaring math symbol \Upsilon on input line 154.
LaTeX Font Info:    Redeclaring math symbol \Phi on input line 155.
LaTeX Font Info:    Redeclaring math symbol \Psi on input line 156.
LaTeX Font Info:    Redeclaring math symbol \Omega on input line 157.
\logodepth=\dimen141
\headerboxheight=\dimen142
\betweenumberspace=\dimen143
\aftertext=\dimen144
\headlineindent=\dimen145
\c@inst=\count196
\c@auth=\count197
\instindent=\dimen146
\authrun=\box52
\authorrunning=\toks17
\titrun=\box53
\titlerunning=\toks18
\combirun=\box54
\c@lastpage=\count198
\rubricwidth=\dimen147
\c@section=\count199
\c@subsection=\count266
\c@subsubsection=\count267
\c@paragraph=\count268
\c@subparagraph=\count269
\spthmsep=\dimen148
\c@theorem=\count270
\c@case=\count271
\c@conjecture=\count272
\c@corollary=\count273
\c@definition=\count274
\c@example=\count275
\c@exercise=\count276
\c@lemma=\count277
\c@note=\count278
\c@problem=\count279
\c@property=\count280
\c@proposition=\count281
\c@question=\count282
\c@solution=\count283
\c@remark=\count284
\c@figure=\count285
\c@table=\count286
\abovecaptionskip=\skip50
\belowcaptionskip=\skip51
\figcapgap=\dimen149
\tabcapgap=\dimen150
\figgap=\dimen151
\bibindent=\dimen152
\@tempcntc=\count287
) (./svepjc3.clo
\c@thanks=\count288
\c@addressref=\count289
) (/usr/local/texlive/2025/texmf-dist/tex/latex/base/fontenc.sty
Package: fontenc 2021/04/29 v2.0v Standard LaTeX package
) (/usr/local/texlive/2025/texmf-dist/tex/latex/siunitx/siunitx.sty
Package: siunitx 2025-02-27 v3.4.6 A comprehensive (SI) units package
\l__siunitx_number_uncert_offset_int=\count290
\l__siunitx_number_exponent_fixed_int=\count291
\l__siunitx_number_min_decimal_int=\count292
\l__siunitx_number_min_integer_int=\count293
\l__siunitx_number_round_precision_int=\count294
\l__siunitx_number_lower_threshold_int=\count295
\l__siunitx_number_upper_threshold_int=\count296
\l__siunitx_number_group_first_int=\count297
\l__siunitx_number_group_size_int=\count298
\l__siunitx_number_group_minimum_int=\count299
\l__siunitx_angle_tmp_dim=\dimen153
\l__siunitx_angle_marker_box=\box55
\l__siunitx_angle_unit_box=\box56
\l__siunitx_compound_count_int=\count300
 (/usr/local/texlive/2025/texmf-dist/tex/latex/translations/translations.sty
Package: translations 2022/02/05 v1.12 internationalization of LaTeX2e packages (CN)
 (/usr/local/texlive/2025/texmf-dist/tex/latex/etoolbox/etoolbox.sty
Package: etoolbox 2025/02/11 v2.5l e-TeX tools for LaTeX (JAW)
\etb@tempcnta=\count301
) (/usr/local/texlive/2025/texmf-dist/tex/generic/pdftexcmds/pdftexcmds.sty
Package: pdftexcmds 2020-06-27 v0.33 Utility functions of pdfTeX for LuaTeX (HO)
 (/usr/local/texlive/2025/texmf-dist/tex/generic/infwarerr/infwarerr.sty
Package: infwarerr 2019/12/03 v1.5 Providing info/warning/error messages (HO)
) (/usr/local/texlive/2025/texmf-dist/tex/generic/iftex/iftex.sty
Package: iftex 2024/12/12 v1.0g TeX engine tests
) (/usr/local/texlive/2025/texmf-dist/tex/generic/ltxcmds/ltxcmds.sty
Package: ltxcmds 2023-12-04 v1.26 LaTeX kernel commands for general use (HO)
)
Package pdftexcmds Info: \pdf@primitive is available.
Package pdftexcmds Info: \pdf@ifprimitive is available.
Package pdftexcmds Info: \pdfdraftmode found.
)) (/usr/local/texlive/2025/texmf-dist/tex/latex/amsmath/amstext.sty
Package: amstext 2021/08/26 v2.01 AMS text
 (/usr/local/texlive/2025/texmf-dist/tex/latex/amsmath/amsgen.sty
File: amsgen.sty 1999/11/30 v2.0 generic functions
\@emptytoks=\toks19
\ex@=\dimen154
))
\l__siunitx_table_tmp_box=\box57
\l__siunitx_table_tmp_dim=\dimen155
\l__siunitx_table_column_width_dim=\dimen156
\l__siunitx_table_integer_box=\box58
\l__siunitx_table_decimal_box=\box59
\l__siunitx_table_uncert_box=\box60
\l__siunitx_table_before_box=\box61
\l__siunitx_table_after_box=\box62
\l__siunitx_table_before_dim=\dimen157
\l__siunitx_table_carry_dim=\dimen158
\l__siunitx_unit_tmp_int=\count302
\l__siunitx_unit_position_int=\count303
\l__siunitx_unit_total_int=\count304
 (/usr/local/texlive/2025/texmf-dist/tex/latex/tools/array.sty
Package: array 2024/10/17 v2.6g Tabular extension package (FMi)
\col@sep=\dimen159
\ar@mcellbox=\box63
\extrarowheight=\dimen160
\NC@list=\toks20
\extratabsurround=\skip52
\backup@length=\skip53
\ar@cellbox=\box64
)) (/usr/local/texlive/2025/texmf-dist/tex/latex/graphics/graphicx.sty
Package: graphicx 2021/09/16 v1.2d Enhanced LaTeX Graphics (DPC,SPQR)
 (/usr/local/texlive/2025/texmf-dist/tex/latex/graphics/keyval.sty
Package: keyval 2022/05/29 v1.15 key=value parser (DPC)
\KV@toks@=\toks21
) (/usr/local/texlive/2025/texmf-dist/tex/latex/graphics/graphics.sty
Package: graphics 2024/08/06 v1.4g Standard LaTeX Graphics (DPC,SPQR)
 (/usr/local/texlive/2025/texmf-dist/tex/latex/graphics/trig.sty
Package: trig 2023/12/02 v1.11 sin cos tan (DPC)
) (/usr/local/texlive/2025/texmf-dist/tex/latex/graphics-cfg/graphics.cfg
File: graphics.cfg 2016/06/04 v1.11 sample graphics configuration
)
Package graphics Info: Driver file: pdftex.def on input line 106.
 (/usr/local/texlive/2025/texmf-dist/tex/latex/graphics-def/pdftex.def
File: pdftex.def 2024/04/13 v1.2c Graphics/color driver for pdftex
))
\Gin@req@height=\dimen161
\Gin@req@width=\dimen162
) (/usr/local/texlive/2025/texmf-dist/tex/latex/booktabs/booktabs.sty
Package: booktabs 2020/01/12 v1.61803398 Publication quality tables
\heavyrulewidth=\dimen163
\lightrulewidth=\dimen164
\cmidrulewidth=\dimen165
\belowrulesep=\dimen166
\belowbottomsep=\dimen167
\aboverulesep=\dimen168
\abovetopsep=\dimen169
\cmidrulesep=\dimen170
\cmidrulekern=\dimen171
\defaultaddspace=\dimen172
\@cmidla=\count305
\@cmidlb=\count306
\@aboverulesep=\dimen173
\@belowrulesep=\dimen174
\@thisruleclass=\count307
\@lastruleclass=\count308
\@thisrulewidth=\dimen175
) (/usr/local/texlive/2025/texmf-dist/tex/latex/psnfss/mathptmx.sty
Package: mathptmx 2020/03/25 PSNFSS-v9.3 Times w/ Math, improved (SPQR, WaS) 
LaTeX Font Info:    Redeclaring symbol font `operators' on input line 28.
LaTeX Font Info:    Overwriting symbol font `operators' in version `normal'
(Font)                  OT1/cmr/m/n --> OT1/ztmcm/m/n on input line 28.
LaTeX Font Info:    Overwriting symbol font `operators' in version `bold'
(Font)                  OT1/cmr/bx/n --> OT1/ztmcm/m/n on input line 28.
LaTeX Font Info:    Redeclaring symbol font `letters' on input line 29.
LaTeX Font Info:    Overwriting symbol font `letters' in version `normal'
(Font)                  OML/cmm/m/it --> OML/ztmcm/m/it on input line 29.
LaTeX Font Info:    Overwriting symbol font `letters' in version `bold'
(Font)                  OML/cmm/b/it --> OML/ztmcm/m/it on input line 29.
LaTeX Font Info:    Redeclaring symbol font `symbols' on input line 30.
LaTeX Font Info:    Overwriting symbol font `symbols' in version `normal'
(Font)                  OMS/cmsy/m/n --> OMS/ztmcm/m/n on input line 30.
LaTeX Font Info:    Overwriting symbol font `symbols' in version `bold'
(Font)                  OMS/cmsy/b/n --> OMS/ztmcm/m/n on input line 30.
LaTeX Font Info:    Redeclaring symbol font `largesymbols' on input line 31.
LaTeX Font Info:    Overwriting symbol font `largesymbols' in version `normal'
(Font)                  OMX/cmex/m/n --> OMX/ztmcm/m/n on input line 31.
LaTeX Font Info:    Overwriting symbol font `largesymbols' in version `bold'
(Font)                  OMX/cmex/m/n --> OMX/ztmcm/m/n on input line 31.
\symbold=\mathgroup4
\symitalic=\mathgroup5
LaTeX Font Info:    Redeclaring math alphabet \mathbf on input line 34.
LaTeX Font Info:    Overwriting math alphabet `\mathbf' in version `normal'
(Font)                  OT1/cmr/bx/n --> OT1/ptm/bx/n on input line 34.
LaTeX Font Info:    Overwriting math alphabet `\mathbf' in version `bold'
(Font)                  OT1/cmr/bx/n --> OT1/ptm/bx/n on input line 34.
LaTeX Font Info:    Redeclaring math alphabet \mathit on input line 35.
LaTeX Font Info:    Overwriting math alphabet `\mathit' in version `normal'
(Font)                  OT1/cmr/m/it --> OT1/ptm/m/it on input line 35.
LaTeX Font Info:    Overwriting math alphabet `\mathit' in version `bold'
(Font)                  OT1/cmr/bx/it --> OT1/ptm/m/it on input line 35.
LaTeX Info: Redefining \hbar on input line 50.
) (/usr/local/texlive/2025/texmf-dist/tex/latex/sttools/flushend.sty
Package: flushend 2021/10/04 v4.0 Balancing columns in twocolumn mode
\flushend@@lastskip@a=\skip54
\flushend@@lastskip@b=\skip55
\flushend@@lastnode=\count309
\var@@loop@iter=\count310
\var@@temp@spread=\dimen176
\var@@temp@a=\dimen177
\var@@temp@loop=\dimen178
\flushend@@page@rule=\dimen179
\flushend@@varbox@lastpage=\box65
\flushend@@varbox@a=\box66
\flushend@@varbox@c=\box67
\flushend@@tempbox@a=\box68
\flushend@@tempbox@c=\box69
\flushend@@floatbox=\box70
\@viper=\box71
\hold@viper=\box72
\atColsBreak=\toks22
\atColsEnd=\toks23
\oldbreak@skip=\dimen180
) (/usr/local/texlive/2025/texmf-dist/tex/latex/natbib/natbib.sty
Package: natbib 2010/09/13 8.31b (PWD, AO)
\bibhang=\skip56
\bibsep=\skip57
LaTeX Info: Redefining \cite on input line 694.
\c@NAT@ctr=\count311
) (/usr/local/texlive/2025/texmf-dist/tex/latex/hyperref/hyperref.sty
Package: hyperref 2024-11-05 v7.01l Hypertext links for LaTeX
 (/usr/local/texlive/2025/texmf-dist/tex/latex/kvsetkeys/kvsetkeys.sty
Package: kvsetkeys 2022-10-05 v1.19 Key value parser (HO)
) (/usr/local/texlive/2025/texmf-dist/tex/generic/kvdefinekeys/kvdefinekeys.sty
Package: kvdefinekeys 2019-12-19 v1.6 Define keys (HO)
) (/usr/local/texlive/2025/texmf-dist/tex/generic/pdfescape/pdfescape.sty
Package: pdfescape 2019/12/09 v1.15 Implements pdfTeX's escape features (HO)
) (/usr/local/texlive/2025/texmf-dist/tex/latex/hycolor/hycolor.sty
Package: hycolor 2020-01-27 v1.10 Color options for hyperref/bookmark (HO)
) (/usr/local/texlive/2025/texmf-dist/tex/latex/hyperref/nameref.sty
Package: nameref 2023-11-26 v2.56 Cross-referencing by name of section
 (/usr/local/texlive/2025/texmf-dist/tex/latex/refcount/refcount.sty
Package: refcount 2019/12/15 v3.6 Data extraction from label references (HO)
) (/usr/local/texlive/2025/texmf-dist/tex/generic/gettitlestring/gettitlestring.sty
Package: gettitlestring 2019/12/15 v1.6 Cleanup title references (HO)
 (/usr/local/texlive/2025/texmf-dist/tex/latex/kvoptions/kvoptions.sty
Package: kvoptions 2022-06-15 v3.15 Key value format for package options (HO)
))
\c@section@level=\count312
) (/usr/local/texlive/2025/texmf-dist/tex/generic/stringenc/stringenc.sty
Package: stringenc 2019/11/29 v1.12 Convert strings between diff. encodings (HO)
)
\@linkdim=\dimen181
\Hy@linkcounter=\count313
\Hy@pagecounter=\count314
 (/usr/local/texlive/2025/texmf-dist/tex/latex/hyperref/pd1enc.def
File: pd1enc.def 2024-11-05 v7.01l Hyperref: PDFDocEncoding definition (HO)
Now handling font encoding PD1 ...
... no UTF-8 mapping file for font encoding PD1
) (/usr/local/texlive/2025/texmf-dist/tex/generic/intcalc/intcalc.sty
Package: intcalc 2019/12/15 v1.3 Expandable calculations with integers (HO)
)
\Hy@SavedSpaceFactor=\count315
 (/usr/local/texlive/2025/texmf-dist/tex/latex/hyperref/puenc.def
File: puenc.def 2024-11-05 v7.01l Hyperref: PDF Unicode definition (HO)
Now handling font encoding PU ...
... no UTF-8 mapping file for font encoding PU
)
Package hyperref Info: Option `colorlinks' set `true' on input line 4040.
Package hyperref Info: Hyper figures OFF on input line 4157.
Package hyperref Info: Link nesting OFF on input line 4162.
Package hyperref Info: Hyper index ON on input line 4165.
Package hyperref Info: Plain pages OFF on input line 4172.
Package hyperref Info: Backreferencing OFF on input line 4177.
Package hyperref Info: Implicit mode ON; LaTeX internals redefined.
Package hyperref Info: Bookmarks ON on input line 4424.
\c@Hy@tempcnt=\count316
 (/usr/local/texlive/2025/texmf-dist/tex/latex/url/url.sty
\Urlmuskip=\muskip17
Package: url 2013/09/16  ver 3.4  Verb mode for urls, etc.
)
LaTeX Info: Redefining \url on input line 4763.
\XeTeXLinkMargin=\dimen182
 (/usr/local/texlive/2025/texmf-dist/tex/generic/bitset/bitset.sty
Package: bitset 2019/12/09 v1.3 Handle bit-vector datatype (HO)
 (/usr/local/texlive/2025/texmf-dist/tex/generic/bigintcalc/bigintcalc.sty
Package: bigintcalc 2019/12/15 v1.5 Expandable calculations on big integers (HO)
))
\Fld@menulength=\count317
\Field@Width=\dimen183
\Fld@charsize=\dimen184
Package hyperref Info: Hyper figures OFF on input line 6042.
Package hyperref Info: Link nesting OFF on input line 6047.
Package hyperref Info: Hyper index ON on input line 6050.
Package hyperref Info: backreferencing OFF on input line 6057.
Package hyperref Info: Link coloring ON on input line 6060.
Package hyperref Info: Link coloring with OCG OFF on input line 6067.
Package hyperref Info: PDF/A mode OFF on input line 6072.
 (/usr/local/texlive/2025/texmf-dist/tex/latex/base/atbegshi-ltx.sty
Package: atbegshi-ltx 2021/01/10 v1.0c Emulation of the original atbegshi
package with kernel methods
)
\Hy@abspage=\count318
\c@Item=\count319
\c@Hfootnote=\count320
)
Package hyperref Info: Driver: hpdftex.
 (/usr/local/texlive/2025/texmf-dist/tex/latex/hyperref/hpdftex.def
File: hpdftex.def 2024-11-05 v7.01l Hyperref driver for pdfTeX
 (/usr/local/texlive/2025/texmf-dist/tex/latex/base/atveryend-ltx.sty
Package: atveryend-ltx 2020/08/19 v1.0a Emulation of the original atveryend package
with kernel methods
)
\Fld@listcount=\count321
\c@bookmark@seq@number=\count322
 (/usr/local/texlive/2025/texmf-dist/tex/latex/rerunfilecheck/rerunfilecheck.sty
Package: rerunfilecheck 2022-07-10 v1.10 Rerun checks for auxiliary files (HO)
 (/usr/local/texlive/2025/texmf-dist/tex/generic/uniquecounter/uniquecounter.sty
Package: uniquecounter 2019/12/15 v1.4 Provide unlimited unique counter (HO)
)
Package uniquecounter Info: New unique counter `rerunfilecheck' on input line 285.
)
\Hy@SectionHShift=\skip58
)
Package translations Info: No language package found. I am going to use `english' as default language. on input line 17.
 (/usr/local/texlive/2025/texmf-dist/tex/latex/graphics/color.sty
Package: color 2024/06/23 v1.3e Standard LaTeX Color (DPC)
 (/usr/local/texlive/2025/texmf-dist/tex/latex/graphics-cfg/color.cfg
File: color.cfg 2016/01/02 v1.6 sample color configuration
)
Package color Info: Driver file: pdftex.def on input line 149.
 (/usr/local/texlive/2025/texmf-dist/tex/latex/graphics/mathcolor.ltx))
LaTeX Font Info:    Trying to load font information for T1+ptm on input line 17.
 (/usr/local/texlive/2025/texmf-dist/tex/latex/psnfss/t1ptm.fd
File: t1ptm.fd 2001/06/04 font definitions for T1/ptm.
) (/usr/local/texlive/2025/texmf-dist/tex/latex/l3backend/l3backend-pdftex.def
File: l3backend-pdftex.def 2024-05-08 L3 backend support: PDF output (pdfTeX)
\l__color_backend_stack_int=\count323
\l__pdf_internal_box=\box73
) (./FMT_sum.aux)
\openout1 = `FMT_sum.aux'.

LaTeX Font Info:    Checking defaults for OML/cmm/m/it on input line 17.
LaTeX Font Info:    ... okay on input line 17.
LaTeX Font Info:    Checking defaults for OMS/cmsy/m/n on input line 17.
LaTeX Font Info:    ... okay on input line 17.
LaTeX Font Info:    Checking defaults for OT1/cmr/m/n on input line 17.
LaTeX Font Info:    ... okay on input line 17.
LaTeX Font Info:    Checking defaults for T1/cmr/m/n on input line 17.
LaTeX Font Info:    ... okay on input line 17.
LaTeX Font Info:    Checking defaults for TS1/cmr/m/n on input line 17.
LaTeX Font Info:    ... okay on input line 17.
LaTeX Font Info:    Checking defaults for OMX/cmex/m/n on input line 17.
LaTeX Font Info:    ... okay on input line 17.
LaTeX Font Info:    Checking defaults for U/cmr/m/n on input line 17.
LaTeX Font Info:    ... okay on input line 17.
LaTeX Font Info:    Checking defaults for PD1/pdf/m/n on input line 17.
LaTeX Font Info:    ... okay on input line 17.
LaTeX Font Info:    Checking defaults for PU/pdf/m/n on input line 17.
LaTeX Font Info:    ... okay on input line 17.
 (/usr/local/texlive/2025/texmf-dist/tex/latex/translations/translations-basic-dictionary-english.trsl
File: translations-basic-dictionary-english.trsl (english translation file `translations-basic-dictionary')
)
Package translations Info: loading dictionary `translations-basic-dictionary' for `english'. on input line 17.
 (/usr/local/texlive/2025/texmf-dist/tex/context/base/mkii/supp-pdf.mkii
[Loading MPS to PDF converter (version 2006.09.02).]
\scratchcounter=\count324
\scratchdimen=\dimen185
\scratchbox=\box74
\nofMPsegments=\count325
\nofMParguments=\count326
\everyMPshowfont=\toks24
\MPscratchCnt=\count327
\MPscratchDim=\dimen186
\MPnumerator=\count328
\makeMPintoPDFobject=\count329
\everyMPtoPDFconversion=\toks25
) (/usr/local/texlive/2025/texmf-dist/tex/latex/epstopdf-pkg/epstopdf-base.sty
Package: epstopdf-base 2020-01-24 v2.11 Base part for package epstopdf
 (/usr/local/texlive/2025/texmf-dist/tex/latex/grfext/grfext.sty
Package: grfext 2019/12/03 v1.3 Manage graphics extensions (HO)
)
Package epstopdf-base Info: Redefining graphics rule for `.eps' on input line 485.
Package grfext Info: Graphics extension search list:
(grfext)             [.pdf,.png,.jpg,.mps,.jpeg,.jbig2,.jb2,.PDF,.PNG,.JPG,.JPEG,.JBIG2,.JB2,.eps]
(grfext)             \AppendGraphicsExtensions on input line 504.
 (/usr/local/texlive/2025/texmf-dist/tex/latex/latexconfig/epstopdf-sys.cfg
File: epstopdf-sys.cfg 2010/07/13 v1.3 Configuration of (r)epstopdf for TeX Live
))
\big@size=\dimen187
Package hyperref Info: Link coloring ON on input line 17.
 (./FMT_sum.out) (./FMT_sum.out)
\@outlinefile=\write3
\openout3 = `FMT_sum.out'.

LaTeX Font Info:    Trying to load font information for OT1+ztmcm on input line 82.
 (/usr/local/texlive/2025/texmf-dist/tex/latex/psnfss/ot1ztmcm.fd
File: ot1ztmcm.fd 2000/01/03 Fontinst v1.801 font definitions for OT1/ztmcm.
)
LaTeX Font Info:    Trying to load font information for OML+ztmcm on input line 82.
 (/usr/local/texlive/2025/texmf-dist/tex/latex/psnfss/omlztmcm.fd
File: omlztmcm.fd 2000/01/03 Fontinst v1.801 font definitions for OML/ztmcm.
)
LaTeX Font Info:    Trying to load font information for OMS+ztmcm on input line 82.
 (/usr/local/texlive/2025/texmf-dist/tex/latex/psnfss/omsztmcm.fd
File: omsztmcm.fd 2000/01/03 Fontinst v1.801 font definitions for OMS/ztmcm.
)
LaTeX Font Info:    Trying to load font information for OMX+ztmcm on input line 82.
 (/usr/local/texlive/2025/texmf-dist/tex/latex/psnfss/omxztmcm.fd
File: omxztmcm.fd 2000/01/03 Fontinst v1.801 font definitions for OMX/ztmcm.
)
LaTeX Font Info:    Trying to load font information for OT1+ptm on input line 82.
 (/usr/local/texlive/2025/texmf-dist/tex/latex/psnfss/ot1ptm.fd
File: ot1ptm.fd 2001/06/04 font definitions for OT1/ptm.
)
LaTeX Font Info:    Font shape `OT1/ptm/bx/n' in size <10> not available
(Font)              Font shape `OT1/ptm/b/n' tried instead on input line 82.
LaTeX Font Info:    Font shape `OT1/ptm/bx/n' in size <7.4> not available
(Font)              Font shape `OT1/ptm/b/n' tried instead on input line 82.
LaTeX Font Info:    Font shape `OT1/ptm/bx/n' in size <6> not available
(Font)              Font shape `OT1/ptm/b/n' tried instead on input line 82.
LaTeX Font Info:    Calculating math sizes for size <8.5> on input line 82.
LaTeX Font Info:    Font shape `OT1/ptm/bx/n' in size <8.5> not available
(Font)              Font shape `OT1/ptm/b/n' tried instead on input line 82.
LaTeX Font Info:    Font shape `OT1/ptm/bx/n' in size <6.29004> not available
(Font)              Font shape `OT1/ptm/b/n' tried instead on input line 82.
LaTeX Font Info:    Font shape `OT1/ptm/bx/n' in size <5.10005> not available
(Font)              Font shape `OT1/ptm/b/n' tried instead on input line 82.

Overfull \hbox (0.36337pt too wide) in paragraph at lines 84--87
[]\T1/ptm/m/n/10 Insert your ab-stract here. In-sert your ab-stract here.
 []


Package mathptmx Warning: There are no bold math fonts on input line 89.


Overfull \hbox (5.78293pt too wide) in paragraph at lines 91--92
\T1/ptm/m/n/10 The Electron-Ion Col-lider (EIC) will pro-vide high-luminosity,
 []


Overfull \hbox (1.31299pt too wide) in paragraph at lines 91--92
\T1/ptm/m/n/10 hadroniza-tion mech-a-nisms. These mea-sure-ments are di-rectly
 []





[1{/usr/local/texlive/2025/texmf-var/fonts/map/pdftex/updmap/pdftex.map}{/usr/local/texlive/2025/texmf-dist/fonts/enc/dvips/base/8r.enc}


]
Overfull \hbox (1.9427pt too wide) in paragraph at lines 103--104
\T1/ptm/m/n/10 rate EIC en-vi-ron-ment. Fur-ther-more, the high-resistivity, fully
 []


Overfull \hbox (0.31343pt too wide) in paragraph at lines 103--104
\T1/ptm/m/n/10 re-duces mul-ti-ple scat-ter-ing, thereby im-prov-ing both mo-men-
 []


Overfull \hbox (1.94351pt too wide) in paragraph at lines 103--104
\T1/ptm/m/n/10 pelling choice for con-struct-ing large-area, high-performance,
 []


Overfull \hbox (3.34268pt too wide) in paragraph at lines 109--110
\T1/ptm/m/n/10 (FMT) de-sign con-sists of two sil-i-con track-ing disks sur-round-
 []


Overfull \hbox (0.93323pt too wide) in paragraph at lines 109--110
\T1/ptm/m/n/10 sim-u-la-tion. The first and sec-ond de-tec-tor disks are po-si-tioned
 []



<FMT_geom.png, id=113, 447.636pt x 377.337pt>
File: FMT_geom.png Graphic file (type png)
<use FMT_geom.png>
Package pdftex.def Info: FMT_geom.png  used on input line 113.
(pdftex.def)             Requested size: 191.17206pt x 161.15202pt.

Underfull \hbox (badness 1097) in paragraph at lines 114--114
[]\T1/ptm/b/n/8.5 Fig. 1|[]\T1/ptm/m/n/8.5 Standalone sim-u-la-tion ge-om-e-try show-ing the Fast MAPS
 []

<PCB front and back.png, id=115, 937.25156pt x 295.85532pt>
File: PCB front and back.png Graphic file (type png)
<use PCB front and back.png>
Package pdftex.def Info: PCB front and back.png  used on input line 131.
(pdftex.def)             Requested size: 238.96417pt x 75.43082pt.

Overfull \hbox (2.20363pt too wide) in paragraph at lines 136--138
\T1/ptm/m/n/10 to-type Flex-i-ble Printed Cir-cuit (FPC). The read-out and power
 []


Overfull \hbox (0.15282pt too wide) in paragraph at lines 136--138
\T1/ptm/m/n/10 the Low-Voltage Dif-fer-en-tial Sig-nal-ing (LVDS) pads lo-cated
 []




Underfull \hbox (badness 10000) has occurred while \output is active
[][]
 []

[2 <./FMT_geom.png> <./PCB front and back.png>]
<MALTA2_module_electrical.png, id=130, 623.274pt x 429.459pt>
File: MALTA2_module_electrical.png Graphic file (type png)
<use MALTA2_module_electrical.png>
Package pdftex.def Info: MALTA2_module_electrical.png  used on input line 141.
(pdftex.def)             Requested size: 215.06628pt x 148.18973pt.

Overfull \hbox (15.0639pt too wide) in paragraph at lines 146--147
[]\T1/ptm/m/n/10 The MALTA2 sen-sors are in-te-grated onto a custom-designed
 []

<QuadMod WireBond Clean.png, id=132, 1694.7315pt x 336.2964pt>
File: QuadMod WireBond Clean.png Graphic file (type png)
<use QuadMod WireBond Clean.png>
Package pdftex.def Info: QuadMod WireBond Clean.png  used on input line 151.
(pdftex.def)             Requested size: 238.96417pt x 47.41472pt.

Overfull \hbox (1.94258pt too wide) in paragraph at lines 193--194
\T1/ptm/m/n/10 Dif-fer-en-tial Sig-nal-ing (LVDS) pairs orig-i-nat-ing from the bot-
 []


Overfull \hbox (1.03314pt too wide) in paragraph at lines 193--194
\T1/ptm/m/n/10 of eight merg-ing stages con-sol-i-dates the hit in-for-ma-tion from
 []


Underfull \vbox (badness 10000) has occurred while \output is active []




Overfull \hbox (1.58315pt too wide) in paragraph at lines 210--211
[]\T1/ptm/m/n/10 For the quad-module im-ple-men-ta-tion, the FPGA re-ceives
 []



[3 <./MALTA2_module_electrical.png> <./QuadMod WireBond Clean.png>]
Overfull \hbox (1.27385pt too wide) in paragraph at lines 212--219
\T1/ptm/m/n/10 clock dis-tri-bu-tion needed be-tween the chips and FPGA. Each
 []

(./Sections/simulation.tex
Overfull \hbox (0.6732pt too wide) in paragraph at lines 3--8
\T1/ptm/m/n/10 be-cause of prox-im-ity (ref sim-u-lated ge-om-e-try and schemtic).
 []


Overfull \hbox (6.2624pt too wide) in paragraph at lines 3--8
\T1/ptm/m/n/10 ties. fast sim-u-la-tion and Read-out im-ple-men-ta-tion(digitization)
 []

<Figures/geom.png, id=146, 831.105pt x 453.695pt>
File: Figures/geom.png Graphic file (type png)
<use Figures/geom.png>
Package pdftex.def Info: Figures/geom.png  used on input line 13.
(pdftex.def)             Requested size: 215.06628pt x 117.40408pt.

LaTeX Font Warning: Font shape `T1/cmtt/m/n' in size <8.5> not available
(Font)              size <8> substituted on input line 27.

LaTeX Font Info:    Trying to load font information for TS1+ptm on input line 29.
(/usr/local/texlive/2025/texmf-dist/tex/latex/psnfss/ts1ptm.fd
File: ts1ptm.fd 2001/06/04 font definitions for TS1/ptm.
)
Overfull \hbox (60.23785pt too wide) in paragraph at lines 22--39
 [][] 
 []






Underfull \hbox (badness 10000) has occurred while \output is active
[][]
 []

[4{/usr/local/texlive/2025/texmf-dist/fonts/enc/dvips/cm-super/cm-super-t1.enc} <./Figures/geom.png>]
Overfull \hbox (1.91383pt too wide) in paragraph at lines 83--84
[]\T1/ptm/m/n/10 Identify max-i-mum ex-pected back-ground hit rate per sam-
 []


Overfull \hbox (1.59428pt too wide) in paragraph at lines 90--91
[]\T1/ptm/m/n/10 Position of back-ground and sig-nal is ran-dom in MALTA2
 []


Overfull \hbox (5.7406pt too wide) in paragraph at lines 91--92
[]\T1/ptm/m/n/10 Keep time win-dow of back-ground par-ti-cles within $\OT1/ztmcm/m/n/10 10\OML/ztmcm/m/it/10 :\OT1/ztmcm/m/n/10 2$$[]$\T1/ptm/m/n/10 . 
 []

)
Overfull \hbox (0.38414pt too wide) in paragraph at lines 240--241
\T1/ptm/m/n/10 fice of Sci-ence, Of-fice of Work-force De-vel-op-ment for Teach-
 []



(./FMT_sum.bbl
Underfull \hbox (badness 3098) in paragraph at lines 29--32
[]\T1/ptm/m/n/10 H.T. Li, I. Vitev, Phys. Rev. Lett. \T1/ptm/b/n/10 126\T1/ptm/m/n/10 , 252001
 []


Underfull \hbox (badness 10000) in paragraph at lines 29--32
\T1/ptm/m/n/10 (2021).  DOI $10 . 1103 / PhysRevLett . 126 . 252001$.
 []


Underfull \hbox (badness 10000) in paragraph at lines 29--32
\T1/ptm/m/n/10 URL [][]$\T1/cmtt/m/n/10 https : / / link . aps . org / doi / 10 . 1103 /
 []


Underfull \hbox (badness 1371) in paragraph at lines 39--41
[]\T1/ptm/m/n/10 M. van Ri-jn-bach, et al., Eur. Phys. J. C \T1/ptm/b/n/10 84\T1/ptm/m/n/10 (251)
 []


Underfull \hbox (badness 1092) in paragraph at lines 39--41
\T1/ptm/m/n/10 (2024).  URL [][]$\T1/cmtt/m/n/10 https : / / doi . org / 10 . 1140 / epjc /
 []


Underfull \hbox (badness 5245) in paragraph at lines 43--46
[]\T1/ptm/m/n/10 H. Perneg-ger, et al., Jour-nal of In-stru-men-ta-tion
 []


Underfull \hbox (badness 1292) in paragraph at lines 43--46
\T1/ptm/b/n/10 18\T1/ptm/m/n/10 (09), P09018 (2023).  DOI $10 . 1088 / 1748-[]0221 /
 []



[5]
Underfull \hbox (badness 1371) in paragraph at lines 48--50
[]\T1/ptm/m/n/10 M. van Ri-jn-bach, et al., Eur. Phys. J. C \T1/ptm/b/n/10 83\T1/ptm/m/n/10 (581)
 []


Underfull \hbox (badness 1092) in paragraph at lines 48--50
\T1/ptm/m/n/10 (2023).  URL [][]$\T1/cmtt/m/n/10 https : / / doi . org / 10 . 1140 / epjc /
 []

)



[leftcolumn badness]: 1000000 on 11.83315pt
[rightcolumn badness]: 1000000 on 11.83315pt
[leftcolumn badness]: 1000000 on 11.83315pt
[rightcolumn badness]: 1000000 on 11.83315pt
[leftcolumn badness]: 1000000 on 11.83315pt
[rightcolumn badness]: 1000000 on 11.83315pt
[leftcolumn badness]: 1000000 on 11.83315pt
[rightcolumn badness]: 1000000 on 11.83315pt
[leftcolumn badness]: 1000000 on 11.83315pt
[rightcolumn badness]: 1000000 on 11.83315pt
[leftcolumn badness]: 1000000 on 11.83315pt
[rightcolumn badness]: 1000000 on 11.83315pt
[leftcolumn badness]: 1000000 on 11.83315pt
[rightcolumn badness]: 1000000 on 11.83315pt
[leftcolumn badness]: 1000000 on 11.83315pt
[rightcolumn badness]: 1000000 on 11.83315pt
[leftcolumn badness]: 1000000 on 11.83315pt
[rightcolumn badness]: 1000000 on 11.83315pt
[leftcolumn badness]: 1000000 on 11.83315pt
[rightcolumn badness]: 1000000 on 11.83315pt
[leftcolumn badness]: 1000000 on 11.83315pt
[rightcolumn badness]: 1000000 on 11.83315pt
[leftcolumn badness]: 1000000 on 11.83315pt
[rightcolumn badness]: 1000000 on 11.83315pt
[leftcolumn badness]: 1000000 on 11.83315pt
[rightcolumn badness]: 1000000 on 11.83315pt
[leftcolumn badness]: 1000000 on 11.83315pt
[rightcolumn badness]: 1000000 on 11.83315pt
[leftcolumn badness]: 1000000 on 11.83315pt
[rightcolumn badness]: 1000000 on 11.83315pt
[leftcolumn badness]: 1000000 on 11.83315pt
[rightcolumn badness]: 1000000 on 11.83315pt
[leftcolumn badness]: 1000000 on 11.83315pt
[rightcolumn badness]: 1000000 on 11.83315pt
[leftcolumn badness]: 1000000 on 11.83315pt
[rightcolumn badness]: 1000000 on 11.83315pt
- LAST -
Extra skip:38.16685pt
Left:85.0pt/1.49998pt
Right:47.5pt/0.83313pt
Split: 85.5pt
Output:85.5pt
Pageshrink: 0.0pt
Pagestretch: 0.0pt
@colht:665.79448pt
FLUSHEND [output]: 85.5pt
FLUSHEND [leftcolumn badness]: 10000
FUSHEND [rightcolumn badness]: 10000

Underfull \hbox (badness 10000) has occurred while \output is active
[][]
 []

[6] (./FMT_sum.aux)
 ***********
LaTeX2e <2024-11-01> patch level 2
L3 programming layer <2025-01-18>
 ***********


LaTeX Font Warning: Size substitutions with differences
(Font)              up to 0.5pt have occurred.

Package rerunfilecheck Info: File `FMT_sum.out' has not changed.
(rerunfilecheck)             Checksum: 8AE50983E52093160FB7F19FBF7A3160;2083.
 ) 
Here is how much of TeX's memory you used:
 14061 strings out of 473190
 277738 string characters out of 5715801
 660367 words of memory out of 5000000
 37062 multiletter control sequences out of 15000+600000
 611483 words of font info for 120 fonts, out of 8000000 for 9000
 1141 hyphenation exceptions out of 8191
 75i,13n,80p,1687b,1161s stack positions out of 10000i,1000n,20000p,200000b,200000s

pdfTeX warning (dest): name{addr5} has been referenced but does not exist, replaced by a fixed one


pdfTeX warning (dest): name{addr4} has been referenced but does not exist, replaced by a fixed one


pdfTeX warning (dest): name{addr3} has been referenced but does not exist, replaced by a fixed one


pdfTeX warning (dest): name{addr2} has been referenced but does not exist, replaced by a fixed one


pdfTeX warning (dest): name{addr1} has been referenced but does not exist, replaced by a fixed one

</usr/local/texlive/2025/texmf-dist/fonts/type1/public/amsfonts/cm/cmmi10.pfb></usr/local/texlive/2025/texmf-dist/fonts/type1/public/amsfonts/cm/cmr10.pfb></usr/local/texlive/2025/texmf-dist/fonts/type1/public/amsfonts/cm/cmsy10.pfb></usr/local/texlive/2025/texmf-dist/fonts/type1/public/cm-super/sftt0800.pfb></usr/local/texlive/2025/texmf-dist/fonts/type1/public/cm-super/sftt1000.pfb></usr/local/texlive/2025/texmf-dist/fonts/type1/urw/symbol/usyr.pfb></usr/local/texlive/2025/texmf-dist/fonts/type1/urw/times/utmb8a.pfb></usr/local/texlive/2025/texmf-dist/fonts/type1/urw/times/utmr8a.pfb></usr/local/texlive/2025/texmf-dist/fonts/type1/urw/times/utmri8a.pfb>
Output written on FMT_sum.pdf (6 pages, 5367071 bytes).
PDF statistics:
 248 PDF objects out of 1000 (max. 8388607)
 192 compressed objects within 2 object streams
 65 named destinations out of 1000 (max. 500000)
 82 words of extra memory for PDF output out of 10000 (max. 10000000)

